../pn_protocol/pn_can_protocol.c:53:14:allocateMemory	24	static
../pn_protocol/pn_can_protocol.c:72:12:freeMemory	24	static
../pn_protocol/pn_can_protocol.c:80:17:getMillis	8	static
../pn_protocol/pn_can_protocol.c:96:17:new	552	static
../pn_protocol/pn_can_protocol.c:174:26:getDataFromQueue	32	static
../pn_protocol/pn_can_protocol.c:196:13:addTxMsgPtr	40	static
../pn_protocol/pn_can_protocol.c:283:13:addTxMsg	48	static
../pn_protocol/pn_can_protocol.c:399:13:addRxMsgPtr	40	static
../pn_protocol/pn_can_protocol.c:453:12:pop	24	static
../pn_protocol/pn_can_protocol.c:464:13:txThread	128	dynamic
../pn_protocol/pn_can_protocol.c:539:13:rxThread	104	dynamic
../pn_protocol/pn_can_protocol.c:627:13:thread	16	static
../pn_protocol/pn_can_protocol.c:638:13:canReceive	32	static
