../pn_protocol/pn_can_protocol_test.c:33:17:newLink	552	static
../pn_protocol/pn_can_protocol_test.c:57:13:addTxMsgPtr	32	static
../pn_protocol/pn_can_protocol_test.c:71:13:addTxMsg	40	static
../pn_protocol/pn_can_protocol_test.c:88:13:addRxMsgPtr	32	static
../pn_protocol/pn_can_protocol_test.c:98:13:txThread	96	dynamic
../pn_protocol/pn_can_protocol_test.c:136:13:rxThread	104	dynamic
../pn_protocol/pn_can_protocol_test.c:190:13:thread	16	static
../pn_protocol/pn_can_protocol_test.c:195:13:canReceive	32	static
../pn_protocol/pn_can_protocol_test.c:210:13:canInit	48	static
../pn_protocol/pn_can_protocol_test.c:236:6:canInterrupt	8	static
../pn_protocol/pn_can_protocol_test.c:247:12:canSend	24	static
../pn_protocol/pn_can_protocol_test.c:261:5:txCallback	32	static
../pn_protocol/pn_can_protocol_test.c:273:5:rxCallback	32	static
../pn_protocol/pn_can_protocol_test.c:288:6:run	72	static
