../pn_protocol/pn_can_sync_layer_test.c:57:13:console	16	static
../pn_protocol/pn_can_sync_layer_test.c:61:17:getMillis	8	static
../pn_protocol/pn_can_sync_layer_test.c:69:5:txSendThread	64	static
../pn_protocol/pn_can_sync_layer_test.c:127:5:txReceiveThread	32	static
../pn_protocol/pn_can_sync_layer_test.c:170:5:rxSendThread	80	static
../pn_protocol/pn_can_sync_layer_test.c:237:5:rxReceiveThread	72	static
../pn_protocol/pn_can_sync_layer_test.c:281:13:canInit	48	static
../pn_protocol/pn_can_sync_layer_test.c:307:6:canRxInterrupt	16	static
../pn_protocol/pn_can_sync_layer_test.c:319:12:canSend	24	static
../pn_protocol/pn_can_sync_layer_test.c:334:6:txCallback	32	static
../pn_protocol/pn_can_sync_layer_test.c:348:6:runTx	16	static
