../utils/buddy_heap.c:10:12:get2power	16	static
../utils/buddy_heap.c:14:12:getLog2	24	static
../utils/buddy_heap.c:20:13:setMap	32	static
../utils/buddy_heap.c:29:12:getMap	24	static
../utils/buddy_heap.c:42:12:isValidPointer	8	static
../utils/buddy_heap.c:48:13:printRecursion	48	static
../utils/buddy_heap.c:70:13:printMemory	40	static
../utils/buddy_heap.c:78:13:printMap	64	static
../utils/buddy_heap.c:115:13:print	32	static
../utils/buddy_heap.c:121:12:allocateRecursion	64	static
../utils/buddy_heap.c:153:14:allocate	40	static
../utils/buddy_heap.c:162:12:deallocateRecursion	48	static
../utils/buddy_heap.c:186:12:deallocate	48	static
../utils/buddy_heap.c:204:18:new	80	static
