../Core/Src/stm32f1xx_it.c:69:6:NMI_Handler	4	static
../Core/Src/stm32f1xx_it.c:84:6:HardFault_Handler	16	static,ignoring_inline_asm
../Core/Src/stm32f1xx_it.c:109:6:MemManage_Handler	4	static
../Core/Src/stm32f1xx_it.c:124:6:BusFault_Handler	4	static
../Core/Src/stm32f1xx_it.c:139:6:UsageFault_Handler	4	static
../Core/Src/stm32f1xx_it.c:154:6:SVC_Handler	4	static
../Core/Src/stm32f1xx_it.c:167:6:DebugMon_Handler	4	static
../Core/Src/stm32f1xx_it.c:180:6:PendSV_Handler	4	static
../Core/Src/stm32f1xx_it.c:193:6:SysTick_Handler	8	static
